nrf24L01.c:10:6:NRF24L01_SPI_Init	8	static
nrf24L01.c:20:6:NRF24L01_Init	8	static
nrf24L01.c:44:13:SPI1_SetSpeed	16	static
nrf24L01.c:54:9:SPIx_ReadWriteByte	32	static
nrf24L01.c:64:9:NRF24L01_Check	16	static
nrf24L01.c:78:9:NRF24L01_Write_Reg	24	static
nrf24L01.c:89:9:NRF24L01_Read_Reg	24	static
nrf24L01.c:99:9:NRF24L01_Read_Buf	32	static
nrf24L01.c:114:9:NRF24L01_Write_Buf	24	static
nrf24L01.c:128:9:NRF24L01_TxPacket	24	static
nrf24L01.c:153:9:NRF24L01_RxPacket	24	static
nrf24L01.c:169:6:NRF24L01_RX_Mode	8	static
nrf24L01.c:187:6:NRF24L01_TX_Mode	8	static
nrf24L01.c:204:6:NRF_LowPower_Mode	8	static
